[2026-06-26 21:00:01 EDT] Starting Content Machine cron job...
[2026-06-26 21:00:01 EDT] Running content generation script...
Starting content generation for DIY subwoofer audio...
Generating social media content...
Generating blog post...
Generating YouTube video script outline...
Content generation complete!
[2026-06-26 21:00:01 EDT] Content generation completed successfully
[2026-06-26 21:00:01 EDT] All content files generated successfully
[2026-06-26 21:00:01 EDT] Content ready for publishing:
[2026-06-26 21:00:01 EDT]   - Social media post: social_media_post.txt
[2026-06-26 21:00:01 EDT]   - Blog post: blog_post.md
[2026-06-26 21:00:01 EDT]   - YouTube script: youtube_script.txt
[2026-06-26 21:00:01 EDT] Content archived to content_archive/20260626/
[2026-06-26 21:00:01 EDT] Content Machine cron job completed successfully
[2026-06-27 21:00:01 EDT] Starting Content Machine cron job...
[2026-06-27 21:00:01 EDT] Running content generation script...
Starting content generation for DIY subwoofer audio...
Generating social media content...
Generating blog post...
Generating YouTube video script outline...
Content generation complete!
[2026-06-27 21:00:01 EDT] Content generation completed successfully
[2026-06-27 21:00:01 EDT] All content files generated successfully
[2026-06-27 21:00:01 EDT] Content ready for publishing:
[2026-06-27 21:00:01 EDT]   - Social media post: social_media_post.txt
[2026-06-27 21:00:01 EDT]   - Blog post: blog_post.md
[2026-06-27 21:00:01 EDT]   - YouTube script: youtube_script.txt
[2026-06-27 21:00:01 EDT] Content archived to content_archive/20260627/
[2026-06-27 21:00:01 EDT] Content Machine cron job completed successfully
[2026-06-28 21:00:01 EDT] Starting Content Machine cron job...
[2026-06-28 21:00:01 EDT] Running content generation script...
Starting content generation for DIY subwoofer audio...
Generating social media content...
Generating blog post...
Generating YouTube video script outline...
Content generation complete!
[2026-06-28 21:00:01 EDT] Content generation completed successfully
[2026-06-28 21:00:01 EDT] All content files generated successfully
[2026-06-28 21:00:01 EDT] Content ready for publishing:
[2026-06-28 21:00:01 EDT]   - Social media post: social_media_post.txt
[2026-06-28 21:00:01 EDT]   - Blog post: blog_post.md
[2026-06-28 21:00:01 EDT]   - YouTube script: youtube_script.txt
[2026-06-28 21:00:01 EDT] Content archived to content_archive/20260628/
[2026-06-28 21:00:01 EDT] Content Machine cron job completed successfully
[2026-06-29 21:00:01 EDT] Starting Content Machine cron job...
[2026-06-29 21:00:01 EDT] Running content generation script...
Starting content generation for DIY subwoofer audio...
Generating social media content...
Generating blog post...
Generating YouTube video script outline...
Content generation complete!
[2026-06-29 21:00:01 EDT] Content generation completed successfully
[2026-06-29 21:00:01 EDT] All content files generated successfully
[2026-06-29 21:00:01 EDT] Content ready for publishing:
[2026-06-29 21:00:01 EDT]   - Social media post: social_media_post.txt
[2026-06-29 21:00:01 EDT]   - Blog post: blog_post.md
[2026-06-29 21:00:01 EDT]   - YouTube script: youtube_script.txt
[2026-06-29 21:00:01 EDT] Content archived to content_archive/20260629/
[2026-06-29 21:00:01 EDT] Content Machine cron job completed successfully
[2026-06-30 21:00:01 EDT] Starting Content Machine cron job...
[2026-06-30 21:00:01 EDT] Running content generation script...
Starting content generation for DIY subwoofer audio...
Generating social media content...
Generating blog post...
Generating YouTube video script outline...
Content generation complete!
[2026-06-30 21:00:01 EDT] Content generation completed successfully
[2026-06-30 21:00:01 EDT] All content files generated successfully
[2026-06-30 21:00:01 EDT] Content ready for publishing:
[2026-06-30 21:00:01 EDT]   - Social media post: social_media_post.txt
[2026-06-30 21:00:01 EDT]   - Blog post: blog_post.md
[2026-06-30 21:00:01 EDT]   - YouTube script: youtube_script.txt
[2026-06-30 21:00:01 EDT] Content archived to content_archive/20260630/
[2026-06-30 21:00:01 EDT] Content Machine cron job completed successfully
[2026-07-01 21:00:01 EDT] Starting Content Machine cron job...
[2026-07-01 21:00:01 EDT] Running content generation script...
Starting content generation for DIY subwoofer audio...
Generating social media content...
Generating blog post...
Generating YouTube video script outline...
Content generation complete!
[2026-07-01 21:00:01 EDT] Content generation completed successfully
[2026-07-01 21:00:01 EDT] All content files generated successfully
[2026-07-01 21:00:01 EDT] Content ready for publishing:
[2026-07-01 21:00:01 EDT]   - Social media post: social_media_post.txt
[2026-07-01 21:00:01 EDT]   - Blog post: blog_post.md
[2026-07-01 21:00:01 EDT]   - YouTube script: youtube_script.txt
[2026-07-01 21:00:01 EDT] Content archived to content_archive/20260701/
[2026-07-01 21:00:01 EDT] Content Machine cron job completed successfully
[2026-07-02 21:00:01 EDT] Starting Content Machine cron job...
[2026-07-02 21:00:01 EDT] Running content generation script...
Starting content generation for DIY subwoofer audio...
Generating social media content...
Generating blog post...
Generating YouTube video script outline...
Content generation complete!
[2026-07-02 21:00:01 EDT] Content generation completed successfully
[2026-07-02 21:00:01 EDT] All content files generated successfully
[2026-07-02 21:00:01 EDT] Content ready for publishing:
[2026-07-02 21:00:01 EDT]   - Social media post: social_media_post.txt
[2026-07-02 21:00:01 EDT]   - Blog post: blog_post.md
[2026-07-02 21:00:01 EDT]   - YouTube script: youtube_script.txt
[2026-07-02 21:00:01 EDT] Content archived to content_archive/20260702/
[2026-07-02 21:00:01 EDT] Content Machine cron job completed successfully
[2026-07-03 21:00:01 EDT] Starting Content Machine cron job...
[2026-07-03 21:00:01 EDT] Running content generation script...
Starting content generation for DIY subwoofer audio...
Generating social media content...
Generating blog post...
Generating YouTube video script outline...
Content generation complete!
[2026-07-03 21:00:01 EDT] Content generation completed successfully
[2026-07-03 21:00:01 EDT] All content files generated successfully
[2026-07-03 21:00:01 EDT] Content ready for publishing:
[2026-07-03 21:00:01 EDT]   - Social media post: social_media_post.txt
[2026-07-03 21:00:01 EDT]   - Blog post: blog_post.md
[2026-07-03 21:00:01 EDT]   - YouTube script: youtube_script.txt
[2026-07-03 21:00:01 EDT] Content archived to content_archive/20260703/
[2026-07-03 21:00:01 EDT] Content Machine cron job completed successfully
[2026-07-04 21:00:01 EDT] Starting Content Machine cron job...
[2026-07-04 21:00:01 EDT] Running content generation script...
Starting content generation for DIY subwoofer audio...
Generating social media content...
Generating blog post...
Generating YouTube video script outline...
Content generation complete!
[2026-07-04 21:00:01 EDT] Content generation completed successfully
[2026-07-04 21:00:01 EDT] All content files generated successfully
[2026-07-04 21:00:01 EDT] Content ready for publishing:
[2026-07-04 21:00:01 EDT]   - Social media post: social_media_post.txt
[2026-07-04 21:00:01 EDT]   - Blog post: blog_post.md
[2026-07-04 21:00:01 EDT]   - YouTube script: youtube_script.txt
[2026-07-04 21:00:01 EDT] Content archived to content_archive/20260704/
[2026-07-04 21:00:01 EDT] Content Machine cron job completed successfully
[2026-07-05 21:00:01 EDT] Starting Content Machine cron job...
[2026-07-05 21:00:01 EDT] Running content generation script...
Starting content generation for DIY subwoofer audio...
Generating social media content...
Generating blog post...
Generating YouTube video script outline...
Content generation complete!
[2026-07-05 21:00:01 EDT] Content generation completed successfully
[2026-07-05 21:00:02 EDT] All content files generated successfully
[2026-07-05 21:00:02 EDT] Content ready for publishing:
[2026-07-05 21:00:02 EDT]   - Social media post: social_media_post.txt
[2026-07-05 21:00:02 EDT]   - Blog post: blog_post.md
[2026-07-05 21:00:02 EDT]   - YouTube script: youtube_script.txt
[2026-07-05 21:00:02 EDT] Content archived to content_archive/20260705/
[2026-07-05 21:00:02 EDT] Content Machine cron job completed successfully
[2026-07-06 21:00:01 EDT] Starting Content Machine cron job...
[2026-07-06 21:00:01 EDT] Running content generation script...
Starting content generation for DIY subwoofer audio...
Generating social media content...
Generating blog post...
Generating YouTube video script outline...
Content generation complete!
[2026-07-06 21:00:01 EDT] Content generation completed successfully
[2026-07-06 21:00:01 EDT] All content files generated successfully
[2026-07-06 21:00:01 EDT] Content ready for publishing:
[2026-07-06 21:00:01 EDT]   - Social media post: social_media_post.txt
[2026-07-06 21:00:01 EDT]   - Blog post: blog_post.md
[2026-07-06 21:00:01 EDT]   - YouTube script: youtube_script.txt
[2026-07-06 21:00:01 EDT] Content archived to content_archive/20260706/
[2026-07-06 21:00:01 EDT] Content Machine cron job completed successfully
[2026-07-07 21:00:01 EDT] Starting Content Machine cron job...
[2026-07-07 21:00:01 EDT] Running content generation script...
Starting content generation for DIY subwoofer audio...
Generating social media content...
Generating blog post...
Generating YouTube video script outline...
Content generation complete!
[2026-07-07 21:00:01 EDT] Content generation completed successfully
[2026-07-07 21:00:01 EDT] All content files generated successfully
[2026-07-07 21:00:01 EDT] Content ready for publishing:
[2026-07-07 21:00:01 EDT]   - Social media post: social_media_post.txt
[2026-07-07 21:00:01 EDT]   - Blog post: blog_post.md
[2026-07-07 21:00:01 EDT]   - YouTube script: youtube_script.txt
[2026-07-07 21:00:01 EDT] Content archived to content_archive/20260707/
[2026-07-07 21:00:01 EDT] Content Machine cron job completed successfully
[2026-07-08 21:00:01 EDT] Starting Content Machine cron job...
[2026-07-08 21:00:01 EDT] Running content generation script...
Starting content generation for DIY subwoofer audio...
Generating social media content...
Generating blog post...
Generating YouTube video script outline...
Content generation complete!
[2026-07-08 21:00:01 EDT] Content generation completed successfully
[2026-07-08 21:00:01 EDT] All content files generated successfully
[2026-07-08 21:00:01 EDT] Content ready for publishing:
[2026-07-08 21:00:01 EDT]   - Social media post: social_media_post.txt
[2026-07-08 21:00:01 EDT]   - Blog post: blog_post.md
[2026-07-08 21:00:01 EDT]   - YouTube script: youtube_script.txt
[2026-07-08 21:00:01 EDT] Content archived to content_archive/20260708/
[2026-07-08 21:00:01 EDT] Content Machine cron job completed successfully
[2026-07-09 21:00:01 EDT] Starting Content Machine cron job...
[2026-07-09 21:00:01 EDT] Running content generation script...
Starting content generation for DIY subwoofer audio...
Generating social media content...
Generating blog post...
Generating YouTube video script outline...
Content generation complete!
[2026-07-09 21:00:01 EDT] Content generation completed successfully
[2026-07-09 21:00:01 EDT] All content files generated successfully
[2026-07-09 21:00:01 EDT] Content ready for publishing:
[2026-07-09 21:00:01 EDT]   - Social media post: social_media_post.txt
[2026-07-09 21:00:01 EDT]   - Blog post: blog_post.md
[2026-07-09 21:00:01 EDT]   - YouTube script: youtube_script.txt
[2026-07-09 21:00:01 EDT] Content archived to content_archive/20260709/
[2026-07-09 21:00:01 EDT] Content Machine cron job completed successfully
[2026-07-10 21:00:01 EDT] Starting Content Machine cron job...
[2026-07-10 21:00:01 EDT] Running content generation script...
Starting content generation for DIY subwoofer audio...
Generating social media content...
Generating blog post...
Generating YouTube video script outline...
Content generation complete!
[2026-07-10 21:00:01 EDT] Content generation completed successfully
[2026-07-10 21:00:01 EDT] All content files generated successfully
[2026-07-10 21:00:01 EDT] Content ready for publishing:
[2026-07-10 21:00:01 EDT]   - Social media post: social_media_post.txt
[2026-07-10 21:00:01 EDT]   - Blog post: blog_post.md
[2026-07-10 21:00:01 EDT]   - YouTube script: youtube_script.txt
[2026-07-10 21:00:01 EDT] Content archived to content_archive/20260710/
[2026-07-10 21:00:01 EDT] Content Machine cron job completed successfully
[2026-07-11 21:00:01 EDT] Starting Content Machine cron job...
[2026-07-11 21:00:01 EDT] Running content generation script...
Starting content generation for DIY subwoofer audio...
Generating social media content...
Generating blog post...
Generating YouTube video script outline...
Content generation complete!
[2026-07-11 21:00:01 EDT] Content generation completed successfully
[2026-07-11 21:00:01 EDT] All content files generated successfully
[2026-07-11 21:00:01 EDT] Content ready for publishing:
[2026-07-11 21:00:01 EDT]   - Social media post: social_media_post.txt
[2026-07-11 21:00:01 EDT]   - Blog post: blog_post.md
[2026-07-11 21:00:01 EDT]   - YouTube script: youtube_script.txt
[2026-07-11 21:00:01 EDT] Content archived to content_archive/20260711/
[2026-07-11 21:00:01 EDT] Content Machine cron job completed successfully
[2026-07-12 21:00:01 EDT] Starting Content Machine cron job...
[2026-07-12 21:00:01 EDT] Running content generation script...
Starting content generation for DIY subwoofer audio...
Generating social media content...
Generating blog post...
Generating YouTube video script outline...
Content generation complete!
[2026-07-12 21:00:01 EDT] Content generation completed successfully
[2026-07-12 21:00:01 EDT] All content files generated successfully
[2026-07-12 21:00:01 EDT] Content ready for publishing:
[2026-07-12 21:00:01 EDT]   - Social media post: social_media_post.txt
[2026-07-12 21:00:01 EDT]   - Blog post: blog_post.md
[2026-07-12 21:00:01 EDT]   - YouTube script: youtube_script.txt
[2026-07-12 21:00:01 EDT] Content archived to content_archive/20260712/
[2026-07-12 21:00:01 EDT] Content Machine cron job completed successfully
[2026-07-13 21:00:01 EDT] Starting Content Machine cron job...
[2026-07-13 21:00:01 EDT] Running content generation script...
Starting content generation for DIY subwoofer audio...
Generating social media content...
Generating blog post...
Generating YouTube video script outline...
Content generation complete!
[2026-07-13 21:00:01 EDT] Content generation completed successfully
[2026-07-13 21:00:01 EDT] All content files generated successfully
[2026-07-13 21:00:01 EDT] Content ready for publishing:
[2026-07-13 21:00:01 EDT]   - Social media post: social_media_post.txt
[2026-07-13 21:00:01 EDT]   - Blog post: blog_post.md
[2026-07-13 21:00:01 EDT]   - YouTube script: youtube_script.txt
[2026-07-13 21:00:01 EDT] Content archived to content_archive/20260713/
[2026-07-13 21:00:01 EDT] Content Machine cron job completed successfully
[2026-07-14 21:00:01 EDT] Starting Content Machine cron job...
[2026-07-14 21:00:01 EDT] Running content generation script...
Starting content generation for DIY subwoofer audio...
Generating social media content...
Generating blog post...
Generating YouTube video script outline...
Content generation complete!
[2026-07-14 21:00:01 EDT] Content generation completed successfully
[2026-07-14 21:00:01 EDT] All content files generated successfully
[2026-07-14 21:00:01 EDT] Content ready for publishing:
[2026-07-14 21:00:01 EDT]   - Social media post: social_media_post.txt
[2026-07-14 21:00:01 EDT]   - Blog post: blog_post.md
[2026-07-14 21:00:01 EDT]   - YouTube script: youtube_script.txt
[2026-07-14 21:00:01 EDT] Content archived to content_archive/20260714/
[2026-07-14 21:00:01 EDT] Content Machine cron job completed successfully
[2026-07-15 21:00:01 EDT] Starting Content Machine cron job...
[2026-07-15 21:00:01 EDT] Running content generation script...
Starting content generation for DIY subwoofer audio...
Generating social media content...
Generating blog post...
Generating YouTube video script outline...
Content generation complete!
[2026-07-15 21:00:01 EDT] Content generation completed successfully
[2026-07-15 21:00:01 EDT] All content files generated successfully
[2026-07-15 21:00:01 EDT] Content ready for publishing:
[2026-07-15 21:00:01 EDT]   - Social media post: social_media_post.txt
[2026-07-15 21:00:01 EDT]   - Blog post: blog_post.md
[2026-07-15 21:00:01 EDT]   - YouTube script: youtube_script.txt
[2026-07-15 21:00:01 EDT] Content archived to content_archive/20260715/
[2026-07-15 21:00:01 EDT] Content Machine cron job completed successfully
[2026-07-16 21:00:01 EDT] Starting Content Machine cron job...
[2026-07-16 21:00:01 EDT] Running content generation script...
Starting content generation for DIY subwoofer audio...
Generating social media content...
Generating blog post...
Generating YouTube video script outline...
Content generation complete!
[2026-07-16 21:00:01 EDT] Content generation completed successfully
[2026-07-16 21:00:01 EDT] All content files generated successfully
[2026-07-16 21:00:01 EDT] Content ready for publishing:
[2026-07-16 21:00:01 EDT]   - Social media post: social_media_post.txt
[2026-07-16 21:00:01 EDT]   - Blog post: blog_post.md
[2026-07-16 21:00:01 EDT]   - YouTube script: youtube_script.txt
[2026-07-16 21:00:01 EDT] Content archived to content_archive/20260716/
[2026-07-16 21:00:01 EDT] Content Machine cron job completed successfully
[2026-07-17 21:00:01 EDT] Starting Content Machine cron job...
[2026-07-17 21:00:01 EDT] Running content generation script...
Starting content generation for DIY subwoofer audio...
Generating social media content...
Generating blog post...
Generating YouTube video script outline...
Content generation complete!
[2026-07-17 21:00:01 EDT] Content generation completed successfully
[2026-07-17 21:00:01 EDT] All content files generated successfully
[2026-07-17 21:00:01 EDT] Content ready for publishing:
[2026-07-17 21:00:01 EDT]   - Social media post: social_media_post.txt
[2026-07-17 21:00:01 EDT]   - Blog post: blog_post.md
[2026-07-17 21:00:01 EDT]   - YouTube script: youtube_script.txt
[2026-07-17 21:00:01 EDT] Content archived to content_archive/20260717/
[2026-07-17 21:00:01 EDT] Content Machine cron job completed successfully
[2026-07-18 21:00:01 EDT] Starting Content Machine cron job...
[2026-07-18 21:00:01 EDT] Running content generation script...
Starting content generation for DIY subwoofer audio...
Generating social media content...
Generating blog post...
Generating YouTube video script outline...
Content generation complete!
[2026-07-18 21:00:01 EDT] Content generation completed successfully
[2026-07-18 21:00:01 EDT] All content files generated successfully
[2026-07-18 21:00:01 EDT] Content ready for publishing:
[2026-07-18 21:00:01 EDT]   - Social media post: social_media_post.txt
[2026-07-18 21:00:01 EDT]   - Blog post: blog_post.md
[2026-07-18 21:00:01 EDT]   - YouTube script: youtube_script.txt
[2026-07-18 21:00:01 EDT] Content archived to content_archive/20260718/
[2026-07-18 21:00:01 EDT] Content Machine cron job completed successfully
[2026-07-19 21:00:01 EDT] Starting Content Machine cron job...
[2026-07-19 21:00:01 EDT] Running content generation script...
Starting content generation for DIY subwoofer audio...
Generating social media content...
Generating blog post...
Generating YouTube video script outline...
Content generation complete!
[2026-07-19 21:00:01 EDT] Content generation completed successfully
[2026-07-19 21:00:01 EDT] All content files generated successfully
[2026-07-19 21:00:01 EDT] Content ready for publishing:
[2026-07-19 21:00:01 EDT]   - Social media post: social_media_post.txt
[2026-07-19 21:00:01 EDT]   - Blog post: blog_post.md
[2026-07-19 21:00:01 EDT]   - YouTube script: youtube_script.txt
[2026-07-19 21:00:02 EDT] Content archived to content_archive/20260719/
[2026-07-19 21:00:02 EDT] Content Machine cron job completed successfully
[2026-07-20 21:00:01 EDT] Starting Content Machine cron job...
[2026-07-20 21:00:01 EDT] Running content generation script...
Starting content generation for DIY subwoofer audio...
Generating social media content...
Generating blog post...
Generating YouTube video script outline...
Content generation complete!
[2026-07-20 21:00:01 EDT] Content generation completed successfully
[2026-07-20 21:00:01 EDT] All content files generated successfully
[2026-07-20 21:00:01 EDT] Content ready for publishing:
[2026-07-20 21:00:01 EDT]   - Social media post: social_media_post.txt
[2026-07-20 21:00:01 EDT]   - Blog post: blog_post.md
[2026-07-20 21:00:01 EDT]   - YouTube script: youtube_script.txt
[2026-07-20 21:00:01 EDT] Content archived to content_archive/20260720/
[2026-07-20 21:00:01 EDT] Content Machine cron job completed successfully
[2026-07-21 21:00:01 EDT] Starting Content Machine cron job...
[2026-07-21 21:00:01 EDT] Running content generation script...
Starting content generation for DIY subwoofer audio...
Generating social media content...
Generating blog post...
Generating YouTube video script outline...
Content generation complete!
[2026-07-21 21:00:01 EDT] Content generation completed successfully
[2026-07-21 21:00:01 EDT] All content files generated successfully
[2026-07-21 21:00:01 EDT] Content ready for publishing:
[2026-07-21 21:00:01 EDT]   - Social media post: social_media_post.txt
[2026-07-21 21:00:01 EDT]   - Blog post: blog_post.md
[2026-07-21 21:00:01 EDT]   - YouTube script: youtube_script.txt
[2026-07-21 21:00:01 EDT] Content archived to content_archive/20260721/
[2026-07-21 21:00:01 EDT] Content Machine cron job completed successfully
[2026-07-22 21:00:01 EDT] Starting Content Machine cron job...
[2026-07-22 21:00:01 EDT] Running content generation script...
Starting content generation for DIY subwoofer audio...
Generating social media content...
Generating blog post...
Generating YouTube video script outline...
Content generation complete!
[2026-07-22 21:00:01 EDT] Content generation completed successfully
[2026-07-22 21:00:01 EDT] All content files generated successfully
[2026-07-22 21:00:01 EDT] Content ready for publishing:
[2026-07-22 21:00:01 EDT]   - Social media post: social_media_post.txt
[2026-07-22 21:00:01 EDT]   - Blog post: blog_post.md
[2026-07-22 21:00:01 EDT]   - YouTube script: youtube_script.txt
[2026-07-22 21:00:01 EDT] Content archived to content_archive/20260722/
[2026-07-22 21:00:01 EDT] Content Machine cron job completed successfully
[2026-07-23 21:00:01 EDT] Starting Content Machine cron job...
[2026-07-23 21:00:01 EDT] Running content generation script...
Starting content generation for DIY subwoofer audio...
Generating social media content...
Generating blog post...
Generating YouTube video script outline...
Content generation complete!
[2026-07-23 21:00:01 EDT] Content generation completed successfully
[2026-07-23 21:00:01 EDT] All content files generated successfully
[2026-07-23 21:00:01 EDT] Content ready for publishing:
[2026-07-23 21:00:01 EDT]   - Social media post: social_media_post.txt
[2026-07-23 21:00:01 EDT]   - Blog post: blog_post.md
[2026-07-23 21:00:01 EDT]   - YouTube script: youtube_script.txt
[2026-07-23 21:00:01 EDT] Content archived to content_archive/20260723/
[2026-07-23 21:00:01 EDT] Content Machine cron job completed successfully
[2026-07-24 21:00:01 EDT] Starting Content Machine cron job...
[2026-07-24 21:00:01 EDT] Running content generation script...
Starting content generation for DIY subwoofer audio...
Generating social media content...
Generating blog post...
Generating YouTube video script outline...
Content generation complete!
[2026-07-24 21:00:01 EDT] Content generation completed successfully
[2026-07-24 21:00:01 EDT] All content files generated successfully
[2026-07-24 21:00:01 EDT] Content ready for publishing:
[2026-07-24 21:00:01 EDT]   - Social media post: social_media_post.txt
[2026-07-24 21:00:01 EDT]   - Blog post: blog_post.md
[2026-07-24 21:00:01 EDT]   - YouTube script: youtube_script.txt
[2026-07-24 21:00:01 EDT] Content archived to content_archive/20260724/
[2026-07-24 21:00:01 EDT] Content Machine cron job completed successfully
[2026-07-25 21:00:01 EDT] Starting Content Machine cron job...
[2026-07-25 21:00:01 EDT] Running content generation script...
Starting content generation for DIY subwoofer audio...
Generating social media content...
Generating blog post...
Generating YouTube video script outline...
Content generation complete!
[2026-07-25 21:00:01 EDT] Content generation completed successfully
[2026-07-25 21:00:01 EDT] All content files generated successfully
[2026-07-25 21:00:01 EDT] Content ready for publishing:
[2026-07-25 21:00:01 EDT]   - Social media post: social_media_post.txt
[2026-07-25 21:00:01 EDT]   - Blog post: blog_post.md
[2026-07-25 21:00:01 EDT]   - YouTube script: youtube_script.txt
[2026-07-25 21:00:01 EDT] Content archived to content_archive/20260725/
[2026-07-25 21:00:01 EDT] Content Machine cron job completed successfully
[2026-07-26 21:00:01 EDT] Starting Content Machine cron job...
[2026-07-26 21:00:01 EDT] Running content generation script...
Starting content generation for DIY subwoofer audio...
Generating social media content...
Generating blog post...
Generating YouTube video script outline...
Content generation complete!
[2026-07-26 21:00:01 EDT] Content generation completed successfully
[2026-07-26 21:00:01 EDT] All content files generated successfully
[2026-07-26 21:00:01 EDT] Content ready for publishing:
[2026-07-26 21:00:01 EDT]   - Social media post: social_media_post.txt
[2026-07-26 21:00:01 EDT]   - Blog post: blog_post.md
[2026-07-26 21:00:01 EDT]   - YouTube script: youtube_script.txt
[2026-07-26 21:00:01 EDT] Content archived to content_archive/20260726/
[2026-07-26 21:00:01 EDT] Content Machine cron job completed successfully
[2026-07-27 21:00:01 EDT] Starting Content Machine cron job...
[2026-07-27 21:00:01 EDT] Running content generation script...
Starting content generation for DIY subwoofer audio...
Generating social media content...
Generating blog post...
Generating YouTube video script outline...
Content generation complete!
[2026-07-27 21:00:01 EDT] Content generation completed successfully
[2026-07-27 21:00:01 EDT] All content files generated successfully
[2026-07-27 21:00:01 EDT] Content ready for publishing:
[2026-07-27 21:00:01 EDT]   - Social media post: social_media_post.txt
[2026-07-27 21:00:01 EDT]   - Blog post: blog_post.md
[2026-07-27 21:00:01 EDT]   - YouTube script: youtube_script.txt
[2026-07-27 21:00:01 EDT] Content archived to content_archive/20260727/
[2026-07-27 21:00:01 EDT] Content Machine cron job completed successfully
[2026-07-28 21:00:01 EDT] Starting Content Machine cron job...
[2026-07-28 21:00:02 EDT] Running content generation script...
Starting content generation for DIY subwoofer audio...
Generating social media content...
Generating blog post...
Generating YouTube video script outline...
Content generation complete!
[2026-07-28 21:00:02 EDT] Content generation completed successfully
[2026-07-28 21:00:02 EDT] All content files generated successfully
[2026-07-28 21:00:02 EDT] Content ready for publishing:
[2026-07-28 21:00:02 EDT]   - Social media post: social_media_post.txt
[2026-07-28 21:00:02 EDT]   - Blog post: blog_post.md
[2026-07-28 21:00:02 EDT]   - YouTube script: youtube_script.txt
[2026-07-28 21:00:02 EDT] Content archived to content_archive/20260728/
[2026-07-28 21:00:02 EDT] Content Machine cron job completed successfully
[2026-07-29 21:00:01 EDT] Starting Content Machine cron job...
[2026-07-29 21:00:01 EDT] Running content generation script...
Starting content generation for DIY subwoofer audio...
Generating social media content...
Generating blog post...
Generating YouTube video script outline...
Content generation complete!
[2026-07-29 21:00:01 EDT] Content generation completed successfully
[2026-07-29 21:00:01 EDT] All content files generated successfully
[2026-07-29 21:00:01 EDT] Content ready for publishing:
[2026-07-29 21:00:01 EDT]   - Social media post: social_media_post.txt
[2026-07-29 21:00:01 EDT]   - Blog post: blog_post.md
[2026-07-29 21:00:01 EDT]   - YouTube script: youtube_script.txt
[2026-07-29 21:00:01 EDT] Content archived to content_archive/20260729/
[2026-07-29 21:00:01 EDT] Content Machine cron job completed successfully
[2026-07-30 21:00:01 EDT] Starting Content Machine cron job...
[2026-07-30 21:00:01 EDT] Running content generation script...
Starting content generation for DIY subwoofer audio...
Generating social media content...
Generating blog post...
Generating YouTube video script outline...
Content generation complete!
[2026-07-30 21:00:01 EDT] Content generation completed successfully
[2026-07-30 21:00:01 EDT] All content files generated successfully
[2026-07-30 21:00:01 EDT] Content ready for publishing:
[2026-07-30 21:00:01 EDT]   - Social media post: social_media_post.txt
[2026-07-30 21:00:01 EDT]   - Blog post: blog_post.md
[2026-07-30 21:00:01 EDT]   - YouTube script: youtube_script.txt
[2026-07-30 21:00:01 EDT] Content archived to content_archive/20260730/
[2026-07-30 21:00:01 EDT] Content Machine cron job completed successfully
[2026-07-31 21:00:01 EDT] Starting Content Machine cron job...
[2026-07-31 21:00:01 EDT] Running content generation script...
Starting content generation for DIY subwoofer audio...
Generating social media content...
Generating blog post...
Generating YouTube video script outline...
Content generation complete!
[2026-07-31 21:00:01 EDT] Content generation completed successfully
[2026-07-31 21:00:01 EDT] All content files generated successfully
[2026-07-31 21:00:01 EDT] Content ready for publishing:
[2026-07-31 21:00:01 EDT]   - Social media post: social_media_post.txt
[2026-07-31 21:00:01 EDT]   - Blog post: blog_post.md
[2026-07-31 21:00:01 EDT]   - YouTube script: youtube_script.txt
[2026-07-31 21:00:01 EDT] Content archived to content_archive/20260731/
[2026-07-31 21:00:01 EDT] Content Machine cron job completed successfully
[2026-08-01 21:00:01 EDT] Starting Content Machine cron job...
[2026-08-01 21:00:01 EDT] Running content generation script...
Starting content generation for DIY subwoofer audio...
Generating social media content...
Generating blog post...
Generating YouTube video script outline...
Content generation complete!
[2026-08-01 21:00:01 EDT] Content generation completed successfully
[2026-08-01 21:00:01 EDT] All content files generated successfully
[2026-08-01 21:00:01 EDT] Content ready for publishing:
[2026-08-01 21:00:01 EDT]   - Social media post: social_media_post.txt
[2026-08-01 21:00:01 EDT]   - Blog post: blog_post.md
[2026-08-01 21:00:01 EDT]   - YouTube script: youtube_script.txt
[2026-08-01 21:00:01 EDT] Content archived to content_archive/20260801/
[2026-08-01 21:00:01 EDT] Content Machine cron job completed successfully
[2026-08-02 21:00:02 EDT] Starting Content Machine cron job...
[2026-08-02 21:00:02 EDT] Running content generation script...
Starting content generation for DIY subwoofer audio...
Generating social media content...
Generating blog post...
Generating YouTube video script outline...
Content generation complete!
[2026-08-02 21:00:03 EDT] Content generation completed successfully
[2026-08-02 21:00:03 EDT] All content files generated successfully
[2026-08-02 21:00:03 EDT] Content ready for publishing:
[2026-08-02 21:00:03 EDT]   - Social media post: social_media_post.txt
[2026-08-02 21:00:03 EDT]   - Blog post: blog_post.md
[2026-08-02 21:00:03 EDT]   - YouTube script: youtube_script.txt
[2026-08-02 21:00:03 EDT] Content archived to content_archive/20260802/
[2026-08-02 21:00:03 EDT] Content Machine cron job completed successfully
[2026-08-03 21:00:01 EDT] Starting Content Machine cron job...
[2026-08-03 21:00:01 EDT] Running content generation script...
Starting content generation for DIY subwoofer audio...
Generating social media content...
Generating blog post...
Generating YouTube video script outline...
Content generation complete!
[2026-08-03 21:00:01 EDT] Content generation completed successfully
[2026-08-03 21:00:01 EDT] All content files generated successfully
[2026-08-03 21:00:01 EDT] Content ready for publishing:
[2026-08-03 21:00:01 EDT]   - Social media post: social_media_post.txt
[2026-08-03 21:00:01 EDT]   - Blog post: blog_post.md
[2026-08-03 21:00:01 EDT]   - YouTube script: youtube_script.txt
[2026-08-03 21:00:01 EDT] Content archived to content_archive/20260803/
[2026-08-03 21:00:01 EDT] Content Machine cron job completed successfully
[2026-08-04 21:00:01 EDT] Starting Content Machine cron job...
[2026-08-04 21:00:01 EDT] Running content generation script...
Starting content generation for DIY subwoofer audio...
Generating social media content...
Generating blog post...
Generating YouTube video script outline...
Content generation complete!
[2026-08-04 21:00:01 EDT] Content generation completed successfully
[2026-08-04 21:00:01 EDT] All content files generated successfully
[2026-08-04 21:00:01 EDT] Content ready for publishing:
[2026-08-04 21:00:01 EDT]   - Social media post: social_media_post.txt
[2026-08-04 21:00:01 EDT]   - Blog post: blog_post.md
[2026-08-04 21:00:01 EDT]   - YouTube script: youtube_script.txt
[2026-08-04 21:00:01 EDT] Content archived to content_archive/20260804/
[2026-08-04 21:00:01 EDT] Content Machine cron job completed successfully
[2026-08-05 21:00:01 EDT] Starting Content Machine cron job...
[2026-08-05 21:00:01 EDT] Running content generation script...
Starting content generation for DIY subwoofer audio...
Generating social media content...
Generating blog post...
Generating YouTube video script outline...
Content generation complete!
[2026-08-05 21:00:01 EDT] Content generation completed successfully
[2026-08-05 21:00:01 EDT] All content files generated successfully
[2026-08-05 21:00:01 EDT] Content ready for publishing:
[2026-08-05 21:00:01 EDT]   - Social media post: social_media_post.txt
[2026-08-05 21:00:01 EDT]   - Blog post: blog_post.md
[2026-08-05 21:00:01 EDT]   - YouTube script: youtube_script.txt
[2026-08-05 21:00:01 EDT] Content archived to content_archive/20260805/
[2026-08-05 21:00:01 EDT] Content Machine cron job completed successfully
[2026-08-06 21:00:01 EDT] Starting Content Machine cron job...
[2026-08-06 21:00:01 EDT] Running content generation script...
Starting content generation for DIY subwoofer audio...
Generating social media content...
Generating blog post...
Generating YouTube video script outline...
Content generation complete!
[2026-08-06 21:00:01 EDT] Content generation completed successfully
[2026-08-06 21:00:01 EDT] All content files generated successfully
[2026-08-06 21:00:01 EDT] Content ready for publishing:
[2026-08-06 21:00:01 EDT]   - Social media post: social_media_post.txt
[2026-08-06 21:00:01 EDT]   - Blog post: blog_post.md
[2026-08-06 21:00:01 EDT]   - YouTube script: youtube_script.txt
[2026-08-06 21:00:01 EDT] Content archived to content_archive/20260806/
[2026-08-06 21:00:01 EDT] Content Machine cron job completed successfully
[2026-08-07 21:00:01 EDT] Starting Content Machine cron job...
[2026-08-07 21:00:01 EDT] Running content generation script...
Starting content generation for DIY subwoofer audio...
Generating social media content...
Generating blog post...
Generating YouTube video script outline...
Content generation complete!
[2026-08-07 21:00:01 EDT] Content generation completed successfully
[2026-08-07 21:00:01 EDT] All content files generated successfully
[2026-08-07 21:00:01 EDT] Content ready for publishing:
[2026-08-07 21:00:01 EDT]   - Social media post: social_media_post.txt
[2026-08-07 21:00:01 EDT]   - Blog post: blog_post.md
[2026-08-07 21:00:01 EDT]   - YouTube script: youtube_script.txt
[2026-08-07 21:00:01 EDT] Content archived to content_archive/20260807/
[2026-08-07 21:00:01 EDT] Content Machine cron job completed successfully
[2026-08-08 21:00:01 EDT] Starting Content Machine cron job...
[2026-08-08 21:00:01 EDT] Running content generation script...
Starting content generation for DIY subwoofer audio...
Generating social media content...
Generating blog post...
Generating YouTube video script outline...
Content generation complete!
[2026-08-08 21:00:01 EDT] Content generation completed successfully
[2026-08-08 21:00:01 EDT] All content files generated successfully
[2026-08-08 21:00:01 EDT] Content ready for publishing:
[2026-08-08 21:00:01 EDT]   - Social media post: social_media_post.txt
[2026-08-08 21:00:01 EDT]   - Blog post: blog_post.md
[2026-08-08 21:00:01 EDT]   - YouTube script: youtube_script.txt
[2026-08-08 21:00:01 EDT] Content archived to content_archive/20260808/
[2026-08-08 21:00:01 EDT] Content Machine cron job completed successfully
[2026-08-09 21:00:01 EDT] Starting Content Machine cron job...
[2026-08-09 21:00:01 EDT] Running content generation script...
Starting content generation for DIY subwoofer audio...
Generating social media content...
Generating blog post...
Generating YouTube video script outline...
Content generation complete!
[2026-08-09 21:00:01 EDT] Content generation completed successfully
[2026-08-09 21:00:01 EDT] All content files generated successfully
[2026-08-09 21:00:01 EDT] Content ready for publishing:
[2026-08-09 21:00:01 EDT]   - Social media post: social_media_post.txt
[2026-08-09 21:00:01 EDT]   - Blog post: blog_post.md
[2026-08-09 21:00:01 EDT]   - YouTube script: youtube_script.txt
[2026-08-09 21:00:01 EDT] Content archived to content_archive/20260809/
[2026-08-09 21:00:01 EDT] Content Machine cron job completed successfully
[2026-08-10 21:00:01 EDT] Starting Content Machine cron job...
[2026-08-10 21:00:01 EDT] Running content generation script...
Starting content generation for DIY subwoofer audio...
Generating social media content...
Generating blog post...
Generating YouTube video script outline...
Content generation complete!
[2026-08-10 21:00:01 EDT] Content generation completed successfully
[2026-08-10 21:00:01 EDT] All content files generated successfully
[2026-08-10 21:00:01 EDT] Content ready for publishing:
[2026-08-10 21:00:01 EDT]   - Social media post: social_media_post.txt
[2026-08-10 21:00:01 EDT]   - Blog post: blog_post.md
[2026-08-10 21:00:01 EDT]   - YouTube script: youtube_script.txt
[2026-08-10 21:00:01 EDT] Content archived to content_archive/20260810/
[2026-08-10 21:00:01 EDT] Content Machine cron job completed successfully
[2026-08-11 21:00:01 EDT] Starting Content Machine cron job...
[2026-08-11 21:00:01 EDT] Running content generation script...
Starting content generation for DIY subwoofer audio...
Generating social media content...
Generating blog post...
Generating YouTube video script outline...
Content generation complete!
[2026-08-11 21:00:01 EDT] Content generation completed successfully
[2026-08-11 21:00:01 EDT] All content files generated successfully
[2026-08-11 21:00:01 EDT] Content ready for publishing:
[2026-08-11 21:00:01 EDT]   - Social media post: social_media_post.txt
[2026-08-11 21:00:01 EDT]   - Blog post: blog_post.md
[2026-08-11 21:00:01 EDT]   - YouTube script: youtube_script.txt
[2026-08-11 21:00:01 EDT] Content archived to content_archive/20260811/
[2026-08-11 21:00:01 EDT] Content Machine cron job completed successfully
[2026-08-12 21:00:01 EDT] Starting Content Machine cron job...
[2026-08-12 21:00:01 EDT] Running content generation script...
Starting content generation for DIY subwoofer audio...
Generating social media content...
Generating blog post...
Generating YouTube video script outline...
Content generation complete!
[2026-08-12 21:00:01 EDT] Content generation completed successfully
[2026-08-12 21:00:01 EDT] All content files generated successfully
[2026-08-12 21:00:01 EDT] Content ready for publishing:
[2026-08-12 21:00:01 EDT]   - Social media post: social_media_post.txt
[2026-08-12 21:00:01 EDT]   - Blog post: blog_post.md
[2026-08-12 21:00:01 EDT]   - YouTube script: youtube_script.txt
[2026-08-12 21:00:01 EDT] Content archived to content_archive/20260812/
[2026-08-12 21:00:01 EDT] Content Machine cron job completed successfully
[2026-08-13 21:00:01 EDT] Starting Content Machine cron job...
[2026-08-13 21:00:01 EDT] Running content generation script...
Starting content generation for DIY subwoofer audio...
Generating social media content...
Generating blog post...
Generating YouTube video script outline...
Content generation complete!
[2026-08-13 21:00:01 EDT] Content generation completed successfully
[2026-08-13 21:00:01 EDT] All content files generated successfully
[2026-08-13 21:00:01 EDT] Content ready for publishing:
[2026-08-13 21:00:01 EDT]   - Social media post: social_media_post.txt
[2026-08-13 21:00:01 EDT]   - Blog post: blog_post.md
[2026-08-13 21:00:01 EDT]   - YouTube script: youtube_script.txt
[2026-08-13 21:00:01 EDT] Content archived to content_archive/20260813/
[2026-08-13 21:00:01 EDT] Content Machine cron job completed successfully
[2026-08-14 21:00:01 EDT] Starting Content Machine cron job...
[2026-08-14 21:00:01 EDT] Running content generation script...
Starting content generation for DIY subwoofer audio...
Generating social media content...
Generating blog post...
Generating YouTube video script outline...
Content generation complete!
[2026-08-14 21:00:01 EDT] Content generation completed successfully
[2026-08-14 21:00:01 EDT] All content files generated successfully
[2026-08-14 21:00:01 EDT] Content ready for publishing:
[2026-08-14 21:00:01 EDT]   - Social media post: social_media_post.txt
[2026-08-14 21:00:01 EDT]   - Blog post: blog_post.md
[2026-08-14 21:00:01 EDT]   - YouTube script: youtube_script.txt
[2026-08-14 21:00:01 EDT] Content archived to content_archive/20260814/
[2026-08-14 21:00:01 EDT] Content Machine cron job completed successfully
[2026-08-15 21:00:01 EDT] Starting Content Machine cron job...
[2026-08-15 21:00:01 EDT] Running content generation script...
Starting content generation for DIY subwoofer audio...
Generating social media content...
Generating blog post...
Generating YouTube video script outline...
Content generation complete!
[2026-08-15 21:00:01 EDT] Content generation completed successfully
[2026-08-15 21:00:01 EDT] All content files generated successfully
[2026-08-15 21:00:01 EDT] Content ready for publishing:
[2026-08-15 21:00:01 EDT]   - Social media post: social_media_post.txt
[2026-08-15 21:00:01 EDT]   - Blog post: blog_post.md
[2026-08-15 21:00:01 EDT]   - YouTube script: youtube_script.txt
[2026-08-15 21:00:01 EDT] Content archived to content_archive/20260815/
[2026-08-15 21:00:01 EDT] Content Machine cron job completed successfully
[2026-08-16 21:00:01 EDT] Starting Content Machine cron job...
[2026-08-16 21:00:01 EDT] Running content generation script...
Starting content generation for DIY subwoofer audio...
Generating social media content...
Generating blog post...
Generating YouTube video script outline...
Content generation complete!
[2026-08-16 21:00:01 EDT] Content generation completed successfully
[2026-08-16 21:00:01 EDT] All content files generated successfully
[2026-08-16 21:00:01 EDT] Content ready for publishing:
[2026-08-16 21:00:01 EDT]   - Social media post: social_media_post.txt
[2026-08-16 21:00:01 EDT]   - Blog post: blog_post.md
[2026-08-16 21:00:01 EDT]   - YouTube script: youtube_script.txt
[2026-08-16 21:00:01 EDT] Content archived to content_archive/20260816/
[2026-08-16 21:00:01 EDT] Content Machine cron job completed successfully
[2026-08-17 21:00:01 EDT] Starting Content Machine cron job...
[2026-08-17 21:00:01 EDT] Running content generation script...
Starting content generation for DIY subwoofer audio...
Generating social media content...
Generating blog post...
Generating YouTube video script outline...
Content generation complete!
[2026-08-17 21:00:01 EDT] Content generation completed successfully
[2026-08-17 21:00:01 EDT] All content files generated successfully
[2026-08-17 21:00:01 EDT] Content ready for publishing:
[2026-08-17 21:00:01 EDT]   - Social media post: social_media_post.txt
[2026-08-17 21:00:01 EDT]   - Blog post: blog_post.md
[2026-08-17 21:00:01 EDT]   - YouTube script: youtube_script.txt
[2026-08-17 21:00:01 EDT] Content archived to content_archive/20260817/
[2026-08-17 21:00:01 EDT] Content Machine cron job completed successfully
[2026-08-18 21:00:01 EDT] Starting Content Machine cron job...
[2026-08-18 21:00:01 EDT] Running content generation script...
Starting content generation for DIY subwoofer audio...
Generating social media content...
Generating blog post...
Generating YouTube video script outline...
Content generation complete!
[2026-08-18 21:00:01 EDT] Content generation completed successfully
[2026-08-18 21:00:01 EDT] All content files generated successfully
[2026-08-18 21:00:01 EDT] Content ready for publishing:
[2026-08-18 21:00:01 EDT]   - Social media post: social_media_post.txt
[2026-08-18 21:00:01 EDT]   - Blog post: blog_post.md
[2026-08-18 21:00:01 EDT]   - YouTube script: youtube_script.txt
[2026-08-18 21:00:01 EDT] Content archived to content_archive/20260818/
[2026-08-18 21:00:01 EDT] Content Machine cron job completed successfully
[2026-08-19 21:00:01 EDT] Starting Content Machine cron job...
[2026-08-19 21:00:01 EDT] Running content generation script...
Starting content generation for DIY subwoofer audio...
Generating social media content...
Generating blog post...
Generating YouTube video script outline...
Content generation complete!
[2026-08-19 21:00:01 EDT] Content generation completed successfully
[2026-08-19 21:00:01 EDT] All content files generated successfully
[2026-08-19 21:00:01 EDT] Content ready for publishing:
[2026-08-19 21:00:01 EDT]   - Social media post: social_media_post.txt
[2026-08-19 21:00:01 EDT]   - Blog post: blog_post.md
[2026-08-19 21:00:01 EDT]   - YouTube script: youtube_script.txt
[2026-08-19 21:00:01 EDT] Content archived to content_archive/20260819/
[2026-08-19 21:00:01 EDT] Content Machine cron job completed successfully
[2026-08-20 21:00:01 EDT] Starting Content Machine cron job...
[2026-08-20 21:00:01 EDT] Running content generation script...
Starting content generation for DIY subwoofer audio...
Generating social media content...
Generating blog post...
Generating YouTube video script outline...
Content generation complete!
[2026-08-20 21:00:01 EDT] Content generation completed successfully
[2026-08-20 21:00:01 EDT] All content files generated successfully
[2026-08-20 21:00:01 EDT] Content ready for publishing:
[2026-08-20 21:00:01 EDT]   - Social media post: social_media_post.txt
[2026-08-20 21:00:01 EDT]   - Blog post: blog_post.md
[2026-08-20 21:00:01 EDT]   - YouTube script: youtube_script.txt
[2026-08-20 21:00:01 EDT] Content archived to content_archive/20260820/
[2026-08-20 21:00:01 EDT] Content Machine cron job completed successfully
